// Jest Snapshot v1, https://goo.gl/fbAQLP

exports[`snapshot testing should render a greeting 1`] = `"<span>Hey, stranger</span>"`;

exports[`snapshot testing should render a greeting 2`] = `"<h1>Hello, Jenny!</h1>"`;

exports[`snapshot testing should render a greeting 3`] = `"<h1>Hello, Margaret!</h1>"`;
